// Vitest Snapshot v1, https://vitest.dev/guide/snapshot.html

exports[`aurora dark-mode visual regression (preview ↔ exported PPTX, free-form v2) > snapshots the per-brand dark-mode visual fingerprint 1`] = `
[
  {
    "baseFill": "#03002C",
    "blurStd": 55,
    "brand": "bm-enterprise",
    "layerOpacity": 0.95,
    "midStop": "38%",
    "orbR": "90%",
    "orbs": [
      {
        "alpha": 0.925,
        "color": "#0079DB",
        "rx": 702,
        "ry": 613,
        "x": -25,
        "y": 834,
      },
      {
        "alpha": 0.833,
        "color": "#003FC7",
        "rx": 813,
        "ry": 553,
        "x": -48,
        "y": -33,
      },
      {
        "alpha": 0.852,
        "color": "#2400F0",
        "rx": 580,
        "ry": 583,
        "x": 562,
        "y": -95,
      },
    ],
    "outerStop": "78%",
  },
  {
    "baseFill": "#03002C",
    "blurStd": 55,
    "brand": "bm-subcompany",
    "layerOpacity": 0.95,
    "midStop": "38%",
    "orbR": "90%",
    "orbs": [
      {
        "alpha": 0.925,
        "color": "#0079DB",
        "rx": 702,
        "ry": 613,
        "x": -25,
        "y": 834,
      },
      {
        "alpha": 0.833,
        "color": "#003FC7",
        "rx": 813,
        "ry": 553,
        "x": -48,
        "y": -33,
      },
      {
        "alpha": 0.852,
        "color": "#2400F0",
        "rx": 580,
        "ry": 583,
        "x": 562,
        "y": -95,
      },
    ],
    "outerStop": "78%",
  },
  {
    "baseFill": "#03002C",
    "blurStd": 55,
    "brand": "bm-division",
    "layerOpacity": 0.95,
    "midStop": "38%",
    "orbR": "90%",
    "orbs": [
      {
        "alpha": 0.925,
        "color": "#0079DB",
        "rx": 702,
        "ry": 613,
        "x": -25,
        "y": 834,
      },
      {
        "alpha": 0.833,
        "color": "#003FC7",
        "rx": 813,
        "ry": 553,
        "x": -48,
        "y": -33,
      },
      {
        "alpha": 0.852,
        "color": "#2400F0",
        "rx": 580,
        "ry": 583,
        "x": 562,
        "y": -95,
      },
    ],
    "outerStop": "78%",
  },
  {
    "baseFill": "#03002C",
    "blurStd": 55,
    "brand": "bm-element",
    "layerOpacity": 0.95,
    "midStop": "38%",
    "orbR": "90%",
    "orbs": [
      {
        "alpha": 0.925,
        "color": "#09D5A7",
        "rx": 702,
        "ry": 613,
        "x": -25,
        "y": 834,
      },
      {
        "alpha": 0.833,
        "color": "#08BFC1",
        "rx": 813,
        "ry": 553,
        "x": -48,
        "y": -33,
      },
      {
        "alpha": 0.852,
        "color": "#0A7EE8",
        "rx": 580,
        "ry": 583,
        "x": 562,
        "y": -95,
      },
    ],
    "outerStop": "78%",
  },
  {
    "baseFill": "#03002C",
    "blurStd": 55,
    "brand": "bm-product",
    "layerOpacity": 0.95,
    "midStop": "38%",
    "orbR": "90%",
    "orbs": [
      {
        "alpha": 0.925,
        "color": "#A5D14A",
        "rx": 702,
        "ry": 613,
        "x": -25,
        "y": 834,
      },
      {
        "alpha": 0.833,
        "color": "#7BCD3A",
        "rx": 813,
        "ry": 553,
        "x": -48,
        "y": -33,
      },
      {
        "alpha": 0.852,
        "color": "#5BD55E",
        "rx": 580,
        "ry": 583,
        "x": 562,
        "y": -95,
      },
    ],
    "outerStop": "78%",
  },
  {
    "baseFill": "#03002C",
    "blurStd": 55,
    "brand": "bm-tp-media",
    "layerOpacity": 0.95,
    "midStop": "38%",
    "orbR": "90%",
    "orbs": [
      {
        "alpha": 0.925,
        "color": "#0079DB",
        "rx": 702,
        "ry": 613,
        "x": -25,
        "y": 834,
      },
      {
        "alpha": 0.833,
        "color": "#003FC7",
        "rx": 813,
        "ry": 553,
        "x": -48,
        "y": -33,
      },
      {
        "alpha": 0.852,
        "color": "#2400F0",
        "rx": 580,
        "ry": 583,
        "x": 562,
        "y": -95,
      },
    ],
    "outerStop": "78%",
  },
  {
    "baseFill": "#03002C",
    "blurStd": 55,
    "brand": "bm-tp-legal",
    "layerOpacity": 0.95,
    "midStop": "38%",
    "orbR": "90%",
    "orbs": [
      {
        "alpha": 0.925,
        "color": "#0079DB",
        "rx": 702,
        "ry": 613,
        "x": -25,
        "y": 834,
      },
      {
        "alpha": 0.833,
        "color": "#003FC7",
        "rx": 813,
        "ry": 553,
        "x": -48,
        "y": -33,
      },
      {
        "alpha": 0.852,
        "color": "#2400F0",
        "rx": 580,
        "ry": 583,
        "x": 562,
        "y": -95,
      },
    ],
    "outerStop": "78%",
  },
  {
    "baseFill": "#03002C",
    "blurStd": 55,
    "brand": "bm-tp-games",
    "layerOpacity": 0.95,
    "midStop": "38%",
    "orbR": "90%",
    "orbs": [
      {
        "alpha": 0.925,
        "color": "#0079DB",
        "rx": 702,
        "ry": 613,
        "x": -25,
        "y": 834,
      },
      {
        "alpha": 0.833,
        "color": "#003FC7",
        "rx": 813,
        "ry": 553,
        "x": -48,
        "y": -33,
      },
      {
        "alpha": 0.852,
        "color": "#2400F0",
        "rx": 580,
        "ry": 583,
        "x": 562,
        "y": -95,
      },
    ],
    "outerStop": "78%",
  },
  {
    "baseFill": "#03002C",
    "blurStd": 55,
    "brand": "bm-tp-digital",
    "layerOpacity": 0.95,
    "midStop": "38%",
    "orbR": "90%",
    "orbs": [
      {
        "alpha": 0.925,
        "color": "#0079DB",
        "rx": 702,
        "ry": 613,
        "x": -25,
        "y": 834,
      },
      {
        "alpha": 0.833,
        "color": "#003FC7",
        "rx": 813,
        "ry": 553,
        "x": -48,
        "y": -33,
      },
      {
        "alpha": 0.852,
        "color": "#2400F0",
        "rx": 580,
        "ry": 583,
        "x": 562,
        "y": -95,
      },
    ],
    "outerStop": "78%",
  },
  {
    "baseFill": "#03002C",
    "blurStd": 55,
    "brand": "bm-tp-lifesci",
    "layerOpacity": 0.95,
    "midStop": "38%",
    "orbR": "90%",
    "orbs": [
      {
        "alpha": 0.925,
        "color": "#0079DB",
        "rx": 702,
        "ry": 613,
        "x": -25,
        "y": 834,
      },
      {
        "alpha": 0.833,
        "color": "#003FC7",
        "rx": 813,
        "ry": 553,
        "x": -48,
        "y": -33,
      },
      {
        "alpha": 0.852,
        "color": "#2400F0",
        "rx": 580,
        "ry": 583,
        "x": 562,
        "y": -95,
      },
    ],
    "outerStop": "78%",
  },
  {
    "baseFill": "#03002C",
    "blurStd": 55,
    "brand": "bm-trial-interactive",
    "layerOpacity": 0.95,
    "midStop": "38%",
    "orbR": "90%",
    "orbs": [
      {
        "alpha": 0.925,
        "color": "#0079DB",
        "rx": 702,
        "ry": 613,
        "x": -25,
        "y": 834,
      },
      {
        "alpha": 0.833,
        "color": "#003FC7",
        "rx": 813,
        "ry": 553,
        "x": -48,
        "y": -33,
      },
      {
        "alpha": 0.852,
        "color": "#2400F0",
        "rx": 580,
        "ry": 583,
        "x": 562,
        "y": -95,
      },
    ],
    "outerStop": "78%",
  },
  {
    "baseFill": "#03002C",
    "blurStd": 55,
    "brand": "bm-cobrand",
    "layerOpacity": 0.95,
    "midStop": "38%",
    "orbR": "90%",
    "orbs": [
      {
        "alpha": 0.925,
        "color": "#FF8D84",
        "rx": 702,
        "ry": 613,
        "x": -25,
        "y": 834,
      },
      {
        "alpha": 0.833,
        "color": "#FF9B70",
        "rx": 813,
        "ry": 553,
        "x": -48,
        "y": -33,
      },
      {
        "alpha": 0.852,
        "color": "#FFE799",
        "rx": 580,
        "ry": 583,
        "x": 562,
        "y": -95,
      },
    ],
    "outerStop": "78%",
  },
]
`;
