// Vitest Snapshot v1, https://vitest.dev/guide/snapshot.html

exports[`aurora dark-mode visual regression (preview ↔ exported PPTX, free-form v2) > snapshots the per-brand dark-mode visual fingerprint 1`] = `
[
  {
    "baseFill": "#03002C",
    "blurStd": 55,
    "brand": "bm-enterprise",
    "layerOpacity": 0.95,
    "midStop": "38%",
    "orbR": "90%",
    "orbs": [
      {
        "alpha": 0.925,
        "color": "#0079DB",
        "rx": 702,
        "ry": 613,
        "x": -25,
        "y": 834,
      },
      {
        "alpha": 0.833,
        "color": "#003FC7",
        "rx": 813,
        "ry": 553,
        "x": -48,
        "y": -33,
      },
      {
        "alpha": 0.852,
        "color": "#2400F0",
        "rx": 580,
        "ry": 583,
        "x": 562,
        "y": -95,
      },
    ],
    "outerStop": "78%",
  },
  {
    "baseFill": "#03002C",
    "blurStd": 55,
    "brand": "bm-subcompany",
    "layerOpacity": 0.95,
    "midStop": "38%",
    "orbR": "90%",
    "orbs": [
      {
        "alpha": 0.925,
        "color": "#003FC7",
        "rx": 702,
        "ry": 613,
        "x": -25,
        "y": 834,
      },
      {
        "alpha": 0.833,
        "color": "#A1FBF9",
        "rx": 813,
        "ry": 553,
        "x": -48,
        "y": -33,
      },
      {
        "alpha": 0.852,
        "color": "#C8E5FD",
        "rx": 580,
        "ry": 583,
        "x": 562,
        "y": -95,
      },
    ],
    "outerStop": "78%",
  },
  {
    "baseFill": "#03002C",
    "blurStd": 55,
    "brand": "bm-division",
    "layerOpacity": 0.95,
    "midStop": "38%",
    "orbR": "90%",
    "orbs": [
      {
        "alpha": 0.925,
        "color": "#91CEFF",
        "rx": 702,
        "ry": 613,
        "x": -25,
        "y": 834,
      },
      {
        "alpha": 0.833,
        "color": "#7DA7FF",
        "rx": 813,
        "ry": 553,
        "x": -48,
        "y": -33,
      },
      {
        "alpha": 0.852,
        "color": "#B3A6FF",
        "rx": 580,
        "ry": 583,
        "x": 562,
        "y": -95,
      },
    ],
    "outerStop": "78%",
  },
  {
    "baseFill": "#03002C",
    "blurStd": 55,
    "brand": "bm-product",
    "layerOpacity": 0.95,
    "midStop": "38%",
    "orbR": "90%",
    "orbs": [
      {
        "alpha": 0.925,
        "color": "#6EE9D0",
        "rx": 702,
        "ry": 613,
        "x": -25,
        "y": 834,
      },
      {
        "alpha": 0.833,
        "color": "#5CE1E6",
        "rx": 813,
        "ry": 553,
        "x": -48,
        "y": -33,
      },
      {
        "alpha": 0.852,
        "color": "#7FB5EB",
        "rx": 580,
        "ry": 583,
        "x": 562,
        "y": -95,
      },
    ],
    "outerStop": "78%",
  },
  {
    "baseFill": "#03002C",
    "blurStd": 55,
    "brand": "bm-tp-media",
    "layerOpacity": 0.95,
    "midStop": "38%",
    "orbR": "90%",
    "orbs": [
      {
        "alpha": 0.925,
        "color": "#EE4BBB",
        "rx": 702,
        "ry": 613,
        "x": -25,
        "y": 834,
      },
      {
        "alpha": 0.833,
        "color": "#EC388A",
        "rx": 813,
        "ry": 553,
        "x": -48,
        "y": -33,
      },
      {
        "alpha": 0.852,
        "color": "#F05F5D",
        "rx": 580,
        "ry": 583,
        "x": 562,
        "y": -95,
      },
    ],
    "outerStop": "78%",
  },
  {
    "baseFill": "#03002C",
    "blurStd": 55,
    "brand": "bm-tp-legal",
    "layerOpacity": 0.95,
    "midStop": "38%",
    "orbR": "90%",
    "orbs": [
      {
        "alpha": 0.925,
        "color": "#47C6A1",
        "rx": 702,
        "ry": 613,
        "x": -25,
        "y": 834,
      },
      {
        "alpha": 0.833,
        "color": "#3BBEB6",
        "rx": 813,
        "ry": 553,
        "x": -48,
        "y": -33,
      },
      {
        "alpha": 0.852,
        "color": "#579CCB",
        "rx": 580,
        "ry": 583,
        "x": 562,
        "y": -95,
      },
    ],
    "outerStop": "78%",
  },
  {
    "baseFill": "#03002C",
    "blurStd": 55,
    "brand": "bm-tp-games",
    "layerOpacity": 0.95,
    "midStop": "38%",
    "orbR": "90%",
    "orbs": [
      {
        "alpha": 0.925,
        "color": "#CBFB9B",
        "rx": 702,
        "ry": 613,
        "x": -25,
        "y": 834,
      },
      {
        "alpha": 0.833,
        "color": "#A6FA87",
        "rx": 813,
        "ry": 553,
        "x": -48,
        "y": -33,
      },
      {
        "alpha": 0.852,
        "color": "#AEFCBD",
        "rx": 580,
        "ry": 583,
        "x": 562,
        "y": -95,
      },
    ],
    "outerStop": "78%",
  },
  {
    "baseFill": "#03002C",
    "blurStd": 55,
    "brand": "bm-tp-digital",
    "layerOpacity": 0.95,
    "midStop": "38%",
    "orbR": "90%",
    "orbs": [
      {
        "alpha": 0.925,
        "color": "#003FC7",
        "rx": 702,
        "ry": 613,
        "x": -25,
        "y": 834,
      },
      {
        "alpha": 0.833,
        "color": "#C2A3FF",
        "rx": 813,
        "ry": 553,
        "x": -48,
        "y": -33,
      },
      {
        "alpha": 0.852,
        "color": "#F5CCFF",
        "rx": 580,
        "ry": 583,
        "x": 562,
        "y": -95,
      },
    ],
    "outerStop": "78%",
  },
  {
    "baseFill": "#03002C",
    "blurStd": 55,
    "brand": "bm-tp-lifesci",
    "layerOpacity": 0.95,
    "midStop": "38%",
    "orbR": "90%",
    "orbs": [
      {
        "alpha": 0.925,
        "color": "#003FC7",
        "rx": 702,
        "ry": 613,
        "x": -25,
        "y": 834,
      },
      {
        "alpha": 0.833,
        "color": "#58ED21",
        "rx": 813,
        "ry": 553,
        "x": -48,
        "y": -33,
      },
      {
        "alpha": 0.852,
        "color": "#47F068",
        "rx": 580,
        "ry": 583,
        "x": 562,
        "y": -95,
      },
    ],
    "outerStop": "78%",
  },
  {
    "baseFill": "#03002C",
    "blurStd": 55,
    "brand": "bm-tp-finance",
    "layerOpacity": 0.95,
    "midStop": "38%",
    "orbR": "90%",
    "orbs": [
      {
        "alpha": 0.925,
        "color": "#FF8D84",
        "rx": 702,
        "ry": 613,
        "x": -25,
        "y": 834,
      },
      {
        "alpha": 0.833,
        "color": "#FF9B70",
        "rx": 813,
        "ry": 553,
        "x": -48,
        "y": -33,
      },
      {
        "alpha": 0.852,
        "color": "#FFE799",
        "rx": 580,
        "ry": 583,
        "x": 562,
        "y": -95,
      },
    ],
    "outerStop": "78%",
  },
  {
    "baseFill": "#03002C",
    "blurStd": 55,
    "brand": "bm-tp-experience",
    "layerOpacity": 0.95,
    "midStop": "38%",
    "orbR": "90%",
    "orbs": [
      {
        "alpha": 0.925,
        "color": "#FF6B8E",
        "rx": 702,
        "ry": 613,
        "x": -25,
        "y": 834,
      },
      {
        "alpha": 0.833,
        "color": "#FF5757",
        "rx": 813,
        "ry": 553,
        "x": -48,
        "y": -33,
      },
      {
        "alpha": 0.852,
        "color": "#FFBB80",
        "rx": 580,
        "ry": 583,
        "x": 562,
        "y": -95,
      },
    ],
    "outerStop": "78%",
  },
  {
    "baseFill": "#03002C",
    "blurStd": 55,
    "brand": "bm-tp-learn",
    "layerOpacity": 0.95,
    "midStop": "38%",
    "orbR": "90%",
    "orbs": [
      {
        "alpha": 0.925,
        "color": "#003FC7",
        "rx": 702,
        "ry": 613,
        "x": -25,
        "y": 834,
      },
      {
        "alpha": 0.833,
        "color": "#FFEB66",
        "rx": 813,
        "ry": 553,
        "x": -48,
        "y": -33,
      },
      {
        "alpha": 0.852,
        "color": "#D9FF8F",
        "rx": 580,
        "ry": 583,
        "x": 562,
        "y": -95,
      },
    ],
    "outerStop": "78%",
  },
  {
    "baseFill": "#03002C",
    "blurStd": 55,
    "brand": "bm-trial-interactive",
    "layerOpacity": 0.95,
    "midStop": "38%",
    "orbR": "90%",
    "orbs": [
      {
        "alpha": 0.925,
        "color": "#003FC7",
        "rx": 702,
        "ry": 613,
        "x": -25,
        "y": 834,
      },
      {
        "alpha": 0.833,
        "color": "#5CE1E6",
        "rx": 813,
        "ry": 553,
        "x": -48,
        "y": -33,
      },
      {
        "alpha": 0.852,
        "color": "#7FB5EB",
        "rx": 580,
        "ry": 583,
        "x": 562,
        "y": -95,
      },
    ],
    "outerStop": "78%",
  },
  {
    "baseFill": "#03002C",
    "blurStd": 55,
    "brand": "bm-cobrand",
    "layerOpacity": 0.95,
    "midStop": "38%",
    "orbR": "90%",
    "orbs": [
      {
        "alpha": 0.925,
        "color": "#E38940",
        "rx": 702,
        "ry": 613,
        "x": -25,
        "y": 834,
      },
      {
        "alpha": 0.833,
        "color": "#E0A82E",
        "rx": 813,
        "ry": 553,
        "x": -48,
        "y": -33,
      },
      {
        "alpha": 0.852,
        "color": "#CFE552",
        "rx": 580,
        "ry": 583,
        "x": 562,
        "y": -95,
      },
    ],
    "outerStop": "78%",
  },
]
`;
