// Vitest Snapshot v1, https://vitest.dev/guide/snapshot.html

exports[`aurora dark-mode visual regression (preview ↔ exported PPTX) > snapshots the per-brand dark-mode visual fingerprint 1`] = `
[
  {
    "baseFill": "#03002C",
    "blurStd": 38,
    "brand": "bm-enterprise",
    "glassAlpha": 0.0669,
    "glassFill": "#5A6176",
    "layerOpacity": 0.72,
    "midStop": "22%",
    "orbR": "55%",
    "orbs": [
      {
        "alpha": 0.749,
        "color": "#0079DB",
        "rx": 381,
        "ry": 368,
        "x": 823,
        "y": 112,
      },
      {
        "alpha": 0.746,
        "color": "#003FC7",
        "rx": 511,
        "ry": 461,
        "x": 1108,
        "y": 363,
      },
      {
        "alpha": 0.622,
        "color": "#2200E6",
        "rx": 459,
        "ry": 338,
        "x": 875,
        "y": 573,
      },
    ],
    "outerStop": "50%",
  },
  {
    "baseFill": "#03002C",
    "blurStd": 38,
    "brand": "bm-subcompany",
    "glassAlpha": 0.1351,
    "glassFill": "#566175",
    "layerOpacity": 0.72,
    "midStop": "22%",
    "orbR": "55%",
    "orbs": [
      {
        "alpha": 0.749,
        "color": "#003FC7",
        "rx": 381,
        "ry": 368,
        "x": 823,
        "y": 112,
      },
      {
        "alpha": 0.746,
        "color": "#A1FBF9",
        "rx": 511,
        "ry": 461,
        "x": 1108,
        "y": 363,
      },
      {
        "alpha": 0.622,
        "color": "#BEE1FC",
        "rx": 459,
        "ry": 338,
        "x": 875,
        "y": 573,
      },
    ],
    "outerStop": "50%",
  },
  {
    "baseFill": "#03002C",
    "blurStd": 38,
    "brand": "bm-division",
    "glassAlpha": 0.0953,
    "glassFill": "#596077",
    "layerOpacity": 0.72,
    "midStop": "22%",
    "orbR": "55%",
    "orbs": [
      {
        "alpha": 0.749,
        "color": "#91CEFF",
        "rx": 381,
        "ry": 368,
        "x": 823,
        "y": 112,
      },
      {
        "alpha": 0.746,
        "color": "#7DA7FF",
        "rx": 511,
        "ry": 461,
        "x": 1108,
        "y": 363,
      },
      {
        "alpha": 0.622,
        "color": "#AA9CFF",
        "rx": 459,
        "ry": 338,
        "x": 875,
        "y": 573,
      },
    ],
    "outerStop": "50%",
  },
  {
    "baseFill": "#03002C",
    "blurStd": 38,
    "brand": "bm-product",
    "glassAlpha": 0.1157,
    "glassFill": "#576276",
    "layerOpacity": 0.72,
    "midStop": "22%",
    "orbR": "55%",
    "orbs": [
      {
        "alpha": 0.749,
        "color": "#6EE9D0",
        "rx": 381,
        "ry": 368,
        "x": 823,
        "y": 112,
      },
      {
        "alpha": 0.746,
        "color": "#5CE1E6",
        "rx": 511,
        "ry": 461,
        "x": 1108,
        "y": 363,
      },
      {
        "alpha": 0.622,
        "color": "#77B0EA",
        "rx": 459,
        "ry": 338,
        "x": 875,
        "y": 573,
      },
    ],
    "outerStop": "50%",
  },
  {
    "baseFill": "#03002C",
    "blurStd": 38,
    "brand": "bm-tp-media",
    "glassAlpha": 0.0802,
    "glassFill": "#5F5D73",
    "layerOpacity": 0.72,
    "midStop": "22%",
    "orbR": "55%",
    "orbs": [
      {
        "alpha": 0.749,
        "color": "#EE4BBB",
        "rx": 381,
        "ry": 368,
        "x": 823,
        "y": 112,
      },
      {
        "alpha": 0.746,
        "color": "#EC388A",
        "rx": 511,
        "ry": 461,
        "x": 1108,
        "y": 363,
      },
      {
        "alpha": 0.622,
        "color": "#EF5654",
        "rx": 459,
        "ry": 338,
        "x": 875,
        "y": 573,
      },
    ],
    "outerStop": "50%",
  },
  {
    "baseFill": "#03002C",
    "blurStd": 38,
    "brand": "bm-tp-legal",
    "glassAlpha": 0.097,
    "glassFill": "#576274",
    "layerOpacity": 0.72,
    "midStop": "22%",
    "orbR": "55%",
    "orbs": [
      {
        "alpha": 0.749,
        "color": "#47C6A1",
        "rx": 381,
        "ry": 368,
        "x": 823,
        "y": 112,
      },
      {
        "alpha": 0.746,
        "color": "#3BBEB6",
        "rx": 511,
        "ry": 461,
        "x": 1108,
        "y": 363,
      },
      {
        "alpha": 0.622,
        "color": "#4F97C8",
        "rx": 459,
        "ry": 338,
        "x": 875,
        "y": 573,
      },
    ],
    "outerStop": "50%",
  },
  {
    "baseFill": "#03002C",
    "blurStd": 38,
    "brand": "bm-tp-games",
    "glassAlpha": 0.1097,
    "glassFill": "#586373",
    "layerOpacity": 0.72,
    "midStop": "22%",
    "orbR": "55%",
    "orbs": [
      {
        "alpha": 0.749,
        "color": "#5BE16D",
        "rx": 381,
        "ry": 368,
        "x": 823,
        "y": 112,
      },
      {
        "alpha": 0.746,
        "color": "#4ADE80",
        "rx": 511,
        "ry": 461,
        "x": 1108,
        "y": 363,
      },
      {
        "alpha": 0.622,
        "color": "#64E3CD",
        "rx": 459,
        "ry": 338,
        "x": 875,
        "y": 573,
      },
    ],
    "outerStop": "50%",
  },
  {
    "baseFill": "#03002C",
    "blurStd": 38,
    "brand": "bm-tp-digital",
    "glassAlpha": 0.1004,
    "glassFill": "#5B5E77",
    "layerOpacity": 0.72,
    "midStop": "22%",
    "orbR": "55%",
    "orbs": [
      {
        "alpha": 0.749,
        "color": "#003FC7",
        "rx": 381,
        "ry": 368,
        "x": 823,
        "y": 112,
      },
      {
        "alpha": 0.746,
        "color": "#C2A3FF",
        "rx": 511,
        "ry": 461,
        "x": 1108,
        "y": 363,
      },
      {
        "alpha": 0.622,
        "color": "#F3C2FF",
        "rx": 459,
        "ry": 338,
        "x": 875,
        "y": 573,
      },
    ],
    "outerStop": "50%",
  },
  {
    "baseFill": "#03002C",
    "blurStd": 38,
    "brand": "bm-tp-lifesci",
    "glassAlpha": 0.1165,
    "glassFill": "#59646D",
    "layerOpacity": 0.72,
    "midStop": "22%",
    "orbR": "55%",
    "orbs": [
      {
        "alpha": 0.749,
        "color": "#003FC7",
        "rx": 381,
        "ry": 368,
        "x": 823,
        "y": 112,
      },
      {
        "alpha": 0.746,
        "color": "#58ED21",
        "rx": 511,
        "ry": 461,
        "x": 1108,
        "y": 363,
      },
      {
        "alpha": 0.622,
        "color": "#3DEF60",
        "rx": 459,
        "ry": 338,
        "x": 875,
        "y": 573,
      },
    ],
    "outerStop": "50%",
  },
  {
    "baseFill": "#03002C",
    "blurStd": 38,
    "brand": "bm-trial-interactive",
    "glassAlpha": 0.1157,
    "glassFill": "#566276",
    "layerOpacity": 0.72,
    "midStop": "22%",
    "orbR": "55%",
    "orbs": [
      {
        "alpha": 0.749,
        "color": "#003FC7",
        "rx": 381,
        "ry": 368,
        "x": 823,
        "y": 112,
      },
      {
        "alpha": 0.746,
        "color": "#5CE1E6",
        "rx": 511,
        "ry": 461,
        "x": 1108,
        "y": 363,
      },
      {
        "alpha": 0.622,
        "color": "#77B0EA",
        "rx": 459,
        "ry": 338,
        "x": 875,
        "y": 573,
      },
    ],
    "outerStop": "50%",
  },
  {
    "baseFill": "#03002C",
    "blurStd": 38,
    "brand": "bm-cobrand",
    "glassAlpha": 0.1013,
    "glassFill": "#5F5F6E",
    "layerOpacity": 0.72,
    "midStop": "22%",
    "orbR": "55%",
    "orbs": [
      {
        "alpha": 0.749,
        "color": "#FF8D84",
        "rx": 381,
        "ry": 368,
        "x": 823,
        "y": 112,
      },
      {
        "alpha": 0.746,
        "color": "#FF9B70",
        "rx": 511,
        "ry": 461,
        "x": 1108,
        "y": 363,
      },
      {
        "alpha": 0.622,
        "color": "#FFE58F",
        "rx": 459,
        "ry": 338,
        "x": 875,
        "y": 573,
      },
    ],
    "outerStop": "50%",
  },
]
`;
