// Vitest Snapshot v1, https://vitest.dev/guide/snapshot.html

exports[`corner rounding parity across export scales and DPI > snapshots the per-DPI rounding fingerprint 1`] = `
[
  {
    "corners": [
      {
        "rasterPx": 22,
        "snappedBackPx": 22,
        "stagePx": 22,
        "token": "media",
        "vectorAdj": 6501,
      },
      {
        "rasterPx": 18,
        "snappedBackPx": 18,
        "stagePx": 18,
        "token": "band",
        "vectorAdj": 5319,
      },
      {
        "rasterPx": 12,
        "snappedBackPx": 12,
        "stagePx": 12,
        "token": "chip",
        "vectorAdj": 3546,
      },
    ],
    "dpi": 144,
    "plate": {
      "dpi": 144,
      "height": 1080,
      "width": 1920,
    },
    "pxPerIn": 144.0036,
    "quality": "standard",
    "scale": 1,
  },
  {
    "corners": [
      {
        "rasterPx": 33,
        "snappedBackPx": 22,
        "stagePx": 22,
        "token": "media",
        "vectorAdj": 6501,
      },
      {
        "rasterPx": 27,
        "snappedBackPx": 18,
        "stagePx": 18,
        "token": "band",
        "vectorAdj": 5319,
      },
      {
        "rasterPx": 18,
        "snappedBackPx": 12,
        "stagePx": 12,
        "token": "chip",
        "vectorAdj": 3546,
      },
    ],
    "dpi": 216,
    "plate": {
      "dpi": 216,
      "height": 1620,
      "width": 2880,
    },
    "pxPerIn": 144.0036,
    "quality": "high",
    "scale": 1.5,
  },
  {
    "corners": [
      {
        "rasterPx": 44,
        "snappedBackPx": 22,
        "stagePx": 22,
        "token": "media",
        "vectorAdj": 6501,
      },
      {
        "rasterPx": 36,
        "snappedBackPx": 18,
        "stagePx": 18,
        "token": "band",
        "vectorAdj": 5319,
      },
      {
        "rasterPx": 24,
        "snappedBackPx": 12,
        "stagePx": 12,
        "token": "chip",
        "vectorAdj": 3546,
      },
    ],
    "dpi": 288,
    "plate": {
      "dpi": 288,
      "height": 2160,
      "width": 3840,
    },
    "pxPerIn": 144.0036,
    "quality": "ultra",
    "scale": 2,
  },
]
`;
