// Vitest Snapshot v1, https://vitest.dev/guide/snapshot.html

exports[`R01–R30 thumbnail visual regression > locks a fingerprint snapshot for every recipe × family thumbnail 1`] = `
{
  "R01/content": {
    "gradients": 1,
    "hash": "f9486b83",
    "hues": 0,
    "shapes": 0,
    "tokens": 11,
  },
  "R01/data": {
    "gradients": 1,
    "hash": "564db4fa",
    "hues": 0,
    "shapes": 0,
    "tokens": 11,
  },
  "R01/flow": {
    "gradients": 1,
    "hash": "2e76b54a",
    "hues": 0,
    "shapes": 0,
    "tokens": 11,
  },
  "R01/hero": {
    "gradients": 1,
    "hash": "87d5179e",
    "hues": 0,
    "shapes": 0,
    "tokens": 11,
  },
  "R02/content": {
    "gradients": 1,
    "hash": "793383b5",
    "hues": 0,
    "shapes": 0,
    "tokens": 11,
  },
  "R02/data": {
    "gradients": 1,
    "hash": "47b6df48",
    "hues": 0,
    "shapes": 0,
    "tokens": 11,
  },
  "R02/flow": {
    "gradients": 1,
    "hash": "a9d8cc7c",
    "hues": 0,
    "shapes": 0,
    "tokens": 11,
  },
  "R02/hero": {
    "gradients": 1,
    "hash": "bbbfd9ac",
    "hues": 0,
    "shapes": 0,
    "tokens": 11,
  },
  "R03/content": {
    "gradients": 1,
    "hash": "8715959c",
    "hues": 0,
    "shapes": 0,
    "tokens": 11,
  },
  "R03/data": {
    "gradients": 1,
    "hash": "8141ea2b",
    "hues": 0,
    "shapes": 0,
    "tokens": 11,
  },
  "R03/flow": {
    "gradients": 1,
    "hash": "7ab61827",
    "hues": 0,
    "shapes": 0,
    "tokens": 11,
  },
  "R03/hero": {
    "gradients": 1,
    "hash": "4777ffab",
    "hues": 0,
    "shapes": 0,
    "tokens": 11,
  },
  "R04/content": {
    "gradients": 1,
    "hash": "abeec30b",
    "hues": 0,
    "shapes": 0,
    "tokens": 11,
  },
  "R04/data": {
    "gradients": 1,
    "hash": "3d900da2",
    "hues": 0,
    "shapes": 0,
    "tokens": 11,
  },
  "R04/flow": {
    "gradients": 1,
    "hash": "9c348c12",
    "hues": 0,
    "shapes": 0,
    "tokens": 11,
  },
  "R04/hero": {
    "gradients": 1,
    "hash": "4e7a98c6",
    "hues": 0,
    "shapes": 0,
    "tokens": 11,
  },
  "R05/content": {
    "gradients": 1,
    "hash": "18383b12",
    "hues": 0,
    "shapes": 0,
    "tokens": 11,
  },
  "R05/data": {
    "gradients": 1,
    "hash": "48fce6d5",
    "hues": 0,
    "shapes": 0,
    "tokens": 11,
  },
  "R05/flow": {
    "gradients": 1,
    "hash": "3ce3f375",
    "hues": 0,
    "shapes": 0,
    "tokens": 11,
  },
  "R05/hero": {
    "gradients": 1,
    "hash": "5024bfdd",
    "hues": 0,
    "shapes": 0,
    "tokens": 11,
  },
  "R06/content": {
    "gradients": 1,
    "hash": "16bf1db4",
    "hues": 0,
    "shapes": 0,
    "tokens": 11,
  },
  "R06/data": {
    "gradients": 1,
    "hash": "c564a143",
    "hues": 0,
    "shapes": 0,
    "tokens": 11,
  },
  "R06/flow": {
    "gradients": 1,
    "hash": "45c6267f",
    "hues": 0,
    "shapes": 0,
    "tokens": 11,
  },
  "R06/hero": {
    "gradients": 1,
    "hash": "04f9a2e3",
    "hues": 0,
    "shapes": 0,
    "tokens": 11,
  },
  "R07/content": {
    "gradients": 1,
    "hash": "071dd1d0",
    "hues": 0,
    "shapes": 0,
    "tokens": 11,
  },
  "R07/data": {
    "gradients": 1,
    "hash": "965ca267",
    "hues": 0,
    "shapes": 0,
    "tokens": 11,
  },
  "R07/flow": {
    "gradients": 1,
    "hash": "e25b9a53",
    "hues": 0,
    "shapes": 0,
    "tokens": 11,
  },
  "R07/hero": {
    "gradients": 1,
    "hash": "156276d7",
    "hues": 0,
    "shapes": 0,
    "tokens": 11,
  },
  "R08/content": {
    "gradients": 1,
    "hash": "7bc1f0c2",
    "hues": 0,
    "shapes": 0,
    "tokens": 11,
  },
  "R08/data": {
    "gradients": 1,
    "hash": "62e7c045",
    "hues": 0,
    "shapes": 0,
    "tokens": 11,
  },
  "R08/flow": {
    "gradients": 1,
    "hash": "d810eee5",
    "hues": 0,
    "shapes": 0,
    "tokens": 11,
  },
  "R08/hero": {
    "gradients": 1,
    "hash": "4871be0d",
    "hues": 0,
    "shapes": 0,
    "tokens": 11,
  },
  "R09/content": {
    "gradients": 1,
    "hash": "742b2ffb",
    "hues": 0,
    "shapes": 0,
    "tokens": 11,
  },
  "R09/data": {
    "gradients": 1,
    "hash": "02285c12",
    "hues": 0,
    "shapes": 0,
    "tokens": 11,
  },
  "R09/flow": {
    "gradients": 1,
    "hash": "ed41a442",
    "hues": 0,
    "shapes": 0,
    "tokens": 11,
  },
  "R09/hero": {
    "gradients": 1,
    "hash": "21d9e276",
    "hues": 0,
    "shapes": 0,
    "tokens": 11,
  },
  "R10/content": {
    "gradients": 1,
    "hash": "00f85041",
    "hues": 0,
    "shapes": 0,
    "tokens": 11,
  },
  "R10/data": {
    "gradients": 1,
    "hash": "408e211c",
    "hues": 0,
    "shapes": 0,
    "tokens": 11,
  },
  "R10/flow": {
    "gradients": 1,
    "hash": "6aed52e0",
    "hues": 0,
    "shapes": 0,
    "tokens": 11,
  },
  "R10/hero": {
    "gradients": 1,
    "hash": "ac393140",
    "hues": 0,
    "shapes": 0,
    "tokens": 11,
  },
  "R11/content": {
    "gradients": 1,
    "hash": "b530b018",
    "hues": 0,
    "shapes": 0,
    "tokens": 11,
  },
  "R11/data": {
    "gradients": 1,
    "hash": "bc7bbeaf",
    "hues": 0,
    "shapes": 0,
    "tokens": 11,
  },
  "R11/flow": {
    "gradients": 1,
    "hash": "f120d27b",
    "hues": 0,
    "shapes": 0,
    "tokens": 11,
  },
  "R11/hero": {
    "gradients": 1,
    "hash": "1bdb593f",
    "hues": 0,
    "shapes": 0,
    "tokens": 11,
  },
  "R12/content": {
    "gradients": 1,
    "hash": "eebd9453",
    "hues": 0,
    "shapes": 0,
    "tokens": 11,
  },
  "R12/data": {
    "gradients": 1,
    "hash": "3e37160a",
    "hues": 0,
    "shapes": 0,
    "tokens": 11,
  },
  "R12/flow": {
    "gradients": 1,
    "hash": "f294e69a",
    "hues": 0,
    "shapes": 0,
    "tokens": 11,
  },
  "R12/hero": {
    "gradients": 1,
    "hash": "ecaaaeee",
    "hues": 0,
    "shapes": 0,
    "tokens": 11,
  },
  "R13/content": {
    "gradients": 1,
    "hash": "e1aacf3b",
    "hues": 0,
    "shapes": 0,
    "tokens": 11,
  },
  "R13/data": {
    "gradients": 1,
    "hash": "ff97e452",
    "hues": 0,
    "shapes": 0,
    "tokens": 11,
  },
  "R13/flow": {
    "gradients": 1,
    "hash": "754f4d82",
    "hues": 0,
    "shapes": 0,
    "tokens": 11,
  },
  "R13/hero": {
    "gradients": 1,
    "hash": "8b3ea9b6",
    "hues": 0,
    "shapes": 0,
    "tokens": 11,
  },
  "R14/content": {
    "gradients": 1,
    "hash": "9949100c",
    "hues": 0,
    "shapes": 0,
    "tokens": 11,
  },
  "R14/data": {
    "gradients": 1,
    "hash": "e323111b",
    "hues": 0,
    "shapes": 0,
    "tokens": 11,
  },
  "R14/flow": {
    "gradients": 1,
    "hash": "b134d017",
    "hues": 0,
    "shapes": 0,
    "tokens": 11,
  },
  "R14/hero": {
    "gradients": 1,
    "hash": "a959269b",
    "hues": 0,
    "shapes": 0,
    "tokens": 11,
  },
  "R15/content": {
    "gradients": 1,
    "hash": "17e3faa5",
    "hues": 0,
    "shapes": 0,
    "tokens": 11,
  },
  "R15/data": {
    "gradients": 1,
    "hash": "de3807b8",
    "hues": 0,
    "shapes": 0,
    "tokens": 11,
  },
  "R15/flow": {
    "gradients": 1,
    "hash": "0170072c",
    "hues": 0,
    "shapes": 0,
    "tokens": 11,
  },
  "R15/hero": {
    "gradients": 1,
    "hash": "50206e9c",
    "hues": 0,
    "shapes": 0,
    "tokens": 11,
  },
  "R16/content": {
    "gradients": 1,
    "hash": "6dfece0e",
    "hues": 0,
    "shapes": 0,
    "tokens": 11,
  },
  "R16/data": {
    "gradients": 1,
    "hash": "8f39b899",
    "hues": 0,
    "shapes": 0,
    "tokens": 11,
  },
  "R16/flow": {
    "gradients": 1,
    "hash": "1cdac229",
    "hues": 0,
    "shapes": 0,
    "tokens": 11,
  },
  "R16/hero": {
    "gradients": 1,
    "hash": "8f150631",
    "hues": 0,
    "shapes": 0,
    "tokens": 11,
  },
  "R17/content": {
    "gradients": 1,
    "hash": "5a52f8d7",
    "hues": 0,
    "shapes": 0,
    "tokens": 11,
  },
  "R17/data": {
    "gradients": 1,
    "hash": "863479f6",
    "hues": 0,
    "shapes": 0,
    "tokens": 11,
  },
  "R17/flow": {
    "gradients": 1,
    "hash": "4ab33a46",
    "hues": 0,
    "shapes": 0,
    "tokens": 11,
  },
  "R17/hero": {
    "gradients": 1,
    "hash": "c2209c2a",
    "hues": 0,
    "shapes": 0,
    "tokens": 11,
  },
  "R18/content": {
    "gradients": 1,
    "hash": "58971fd9",
    "hues": 0,
    "shapes": 0,
    "tokens": 11,
  },
  "R18/data": {
    "gradients": 1,
    "hash": "371a9d14",
    "hues": 0,
    "shapes": 0,
    "tokens": 11,
  },
  "R18/flow": {
    "gradients": 1,
    "hash": "1dd225f8",
    "hues": 0,
    "shapes": 0,
    "tokens": 11,
  },
  "R18/hero": {
    "gradients": 1,
    "hash": "51ef9e98",
    "hues": 0,
    "shapes": 0,
    "tokens": 11,
  },
  "R19/content": {
    "gradients": 1,
    "hash": "a60b0e90",
    "hues": 0,
    "shapes": 0,
    "tokens": 11,
  },
  "R19/data": {
    "gradients": 1,
    "hash": "87487c27",
    "hues": 0,
    "shapes": 0,
    "tokens": 11,
  },
  "R19/flow": {
    "gradients": 1,
    "hash": "85753d13",
    "hues": 0,
    "shapes": 0,
    "tokens": 11,
  },
  "R19/hero": {
    "gradients": 1,
    "hash": "a6828d97",
    "hues": 0,
    "shapes": 0,
    "tokens": 11,
  },
  "R20/content": {
    "gradients": 1,
    "hash": "744346d0",
    "hues": 0,
    "shapes": 0,
    "tokens": 11,
  },
  "R20/data": {
    "gradients": 1,
    "hash": "a1aee167",
    "hues": 0,
    "shapes": 0,
    "tokens": 11,
  },
  "R20/flow": {
    "gradients": 1,
    "hash": "edadd953",
    "hues": 0,
    "shapes": 0,
    "tokens": 11,
  },
  "R20/hero": {
    "gradients": 1,
    "hash": "20b4b5d7",
    "hues": 0,
    "shapes": 0,
    "tokens": 11,
  },
  "R21/content": {
    "gradients": 1,
    "hash": "79215108",
    "hues": 0,
    "shapes": 0,
    "tokens": 11,
  },
  "R21/data": {
    "gradients": 1,
    "hash": "eccadd9f",
    "hues": 0,
    "shapes": 0,
    "tokens": 11,
  },
  "R21/flow": {
    "gradients": 1,
    "hash": "d2304a2b",
    "hues": 0,
    "shapes": 0,
    "tokens": 11,
  },
  "R21/hero": {
    "gradients": 1,
    "hash": "85e8ad2f",
    "hues": 0,
    "shapes": 0,
    "tokens": 11,
  },
  "R22/content": {
    "gradients": 1,
    "hash": "8d907df8",
    "hues": 0,
    "shapes": 0,
    "tokens": 11,
  },
  "R22/data": {
    "gradients": 1,
    "hash": "57d5c8c1",
    "hues": 0,
    "shapes": 0,
    "tokens": 11,
  },
  "R22/flow": {
    "gradients": 1,
    "hash": "57d5c8c1",
    "hues": 0,
    "shapes": 0,
    "tokens": 11,
  },
  "R22/hero": {
    "gradients": 1,
    "hash": "4eb6cf1e",
    "hues": 0,
    "shapes": 0,
    "tokens": 11,
  },
  "R23/content": {
    "gradients": 1,
    "hash": "257f62ea",
    "hues": 0,
    "shapes": 0,
    "tokens": 11,
  },
  "R23/data": {
    "gradients": 1,
    "hash": "51b983cd",
    "hues": 0,
    "shapes": 0,
    "tokens": 11,
  },
  "R23/flow": {
    "gradients": 1,
    "hash": "6bb6b0cd",
    "hues": 0,
    "shapes": 0,
    "tokens": 11,
  },
  "R23/hero": {
    "gradients": 1,
    "hash": "916d6955",
    "hues": 0,
    "shapes": 0,
    "tokens": 11,
  },
  "R24/content": {
    "gradients": 1,
    "hash": "f43b0a9c",
    "hues": 0,
    "shapes": 0,
    "tokens": 11,
  },
  "R24/data": {
    "gradients": 1,
    "hash": "8c94292b",
    "hues": 0,
    "shapes": 0,
    "tokens": 11,
  },
  "R24/flow": {
    "gradients": 1,
    "hash": "86085727",
    "hues": 0,
    "shapes": 0,
    "tokens": 11,
  },
  "R24/hero": {
    "gradients": 1,
    "hash": "52ca3eab",
    "hues": 0,
    "shapes": 0,
    "tokens": 11,
  },
  "R25/content": {
    "gradients": 1,
    "hash": "e658f8b5",
    "hues": 0,
    "shapes": 0,
    "tokens": 11,
  },
  "R25/data": {
    "gradients": 1,
    "hash": "53091e48",
    "hues": 0,
    "shapes": 0,
    "tokens": 11,
  },
  "R25/flow": {
    "gradients": 1,
    "hash": "b52b0b7c",
    "hues": 0,
    "shapes": 0,
    "tokens": 11,
  },
  "R25/hero": {
    "gradients": 1,
    "hash": "c71218ac",
    "hues": 0,
    "shapes": 0,
    "tokens": 11,
  },
  "R26/content": {
    "gradients": 1,
    "hash": "1738ee9e",
    "hues": 0,
    "shapes": 0,
    "tokens": 11,
  },
  "R26/data": {
    "gradients": 1,
    "hash": "7a3379e9",
    "hues": 0,
    "shapes": 0,
    "tokens": 11,
  },
  "R26/flow": {
    "gradients": 1,
    "hash": "6ddfceb9",
    "hues": 0,
    "shapes": 0,
    "tokens": 11,
  },
  "R26/hero": {
    "gradients": 1,
    "hash": "42bd0301",
    "hues": 0,
    "shapes": 0,
    "tokens": 11,
  },
  "R27/content": {
    "gradients": 1,
    "hash": "7f3afde7",
    "hues": 0,
    "shapes": 0,
    "tokens": 11,
  },
  "R27/data": {
    "gradients": 1,
    "hash": "55e0bf46",
    "hues": 0,
    "shapes": 0,
    "tokens": 11,
  },
  "R27/flow": {
    "gradients": 1,
    "hash": "33ef1f16",
    "hues": 0,
    "shapes": 0,
    "tokens": 11,
  },
  "R27/hero": {
    "gradients": 1,
    "hash": "e901337a",
    "hues": 0,
    "shapes": 0,
    "tokens": 11,
  },
  "R28/content": {
    "gradients": 1,
    "hash": "33d36958",
    "hues": 0,
    "shapes": 0,
    "tokens": 11,
  },
  "R28/data": {
    "gradients": 1,
    "hash": "fb53d4ef",
    "hues": 0,
    "shapes": 0,
    "tokens": 11,
  },
  "R28/flow": {
    "gradients": 1,
    "hash": "62e2fbbb",
    "hues": 0,
    "shapes": 0,
    "tokens": 11,
  },
  "R28/hero": {
    "gradients": 1,
    "hash": "a935987f",
    "hues": 0,
    "shapes": 0,
    "tokens": 11,
  },
  "R29/content": {
    "gradients": 1,
    "hash": "f7ff8f81",
    "hues": 0,
    "shapes": 0,
    "tokens": 11,
  },
  "R29/data": {
    "gradients": 1,
    "hash": "9c3abd5c",
    "hues": 0,
    "shapes": 0,
    "tokens": 11,
  },
  "R29/flow": {
    "gradients": 1,
    "hash": "0a775f20",
    "hues": 0,
    "shapes": 0,
    "tokens": 11,
  },
  "R29/hero": {
    "gradients": 1,
    "hash": "f6e24f80",
    "hues": 0,
    "shapes": 0,
    "tokens": 11,
  },
  "R30/content": {
    "gradients": 1,
    "hash": "6b17699a",
    "hues": 0,
    "shapes": 0,
    "tokens": 11,
  },
  "R30/data": {
    "gradients": 1,
    "hash": "85e99c3d",
    "hues": 0,
    "shapes": 0,
    "tokens": 11,
  },
  "R30/flow": {
    "gradients": 1,
    "hash": "fa8607fd",
    "hues": 0,
    "shapes": 0,
    "tokens": 11,
  },
  "R30/hero": {
    "gradients": 1,
    "hash": "54bb7dc5",
    "hues": 0,
    "shapes": 0,
    "tokens": 11,
  },
}
`;
