// Vitest Snapshot v1, https://vitest.dev/guide/snapshot.html

exports[`R01–R30 thumbnail visual regression > locks a fingerprint snapshot for every recipe × family thumbnail 1`] = `
{
  "R01/content": {
    "gradients": 2,
    "hash": "549904ac",
    "hues": 1,
    "shapes": 0,
    "tokens": 70,
  },
  "R01/data": {
    "gradients": 2,
    "hash": "89b838a5",
    "hues": 1,
    "shapes": 0,
    "tokens": 70,
  },
  "R01/flow": {
    "gradients": 2,
    "hash": "f331ebf9",
    "hues": 1,
    "shapes": 0,
    "tokens": 72,
  },
  "R01/hero": {
    "gradients": 2,
    "hash": "71ee53bd",
    "hues": 1,
    "shapes": 0,
    "tokens": 79,
  },
  "R02/content": {
    "gradients": 2,
    "hash": "e71075b3",
    "hues": 1,
    "shapes": 1,
    "tokens": 83,
  },
  "R02/data": {
    "gradients": 2,
    "hash": "5f6bc2f6",
    "hues": 1,
    "shapes": 1,
    "tokens": 76,
  },
  "R02/flow": {
    "gradients": 2,
    "hash": "b9062e13",
    "hues": 1,
    "shapes": 1,
    "tokens": 76,
  },
  "R02/hero": {
    "gradients": 2,
    "hash": "9bec2a48",
    "hues": 1,
    "shapes": 1,
    "tokens": 97,
  },
  "R03/content": {
    "gradients": 2,
    "hash": "40e81e06",
    "hues": 1,
    "shapes": 1,
    "tokens": 93,
  },
  "R03/data": {
    "gradients": 2,
    "hash": "c7f3fdaa",
    "hues": 1,
    "shapes": 1,
    "tokens": 95,
  },
  "R03/flow": {
    "gradients": 2,
    "hash": "b1d34753",
    "hues": 1,
    "shapes": 1,
    "tokens": 92,
  },
  "R03/hero": {
    "gradients": 2,
    "hash": "500ee4ac",
    "hues": 1,
    "shapes": 1,
    "tokens": 102,
  },
  "R04/content": {
    "gradients": 2,
    "hash": "737ff53e",
    "hues": 1,
    "shapes": 1,
    "tokens": 75,
  },
  "R04/data": {
    "gradients": 2,
    "hash": "f6001c4e",
    "hues": 1,
    "shapes": 1,
    "tokens": 75,
  },
  "R04/flow": {
    "gradients": 2,
    "hash": "09a1c14c",
    "hues": 1,
    "shapes": 1,
    "tokens": 73,
  },
  "R04/hero": {
    "gradients": 2,
    "hash": "dde4d9a2",
    "hues": 1,
    "shapes": 1,
    "tokens": 91,
  },
  "R05/content": {
    "gradients": 2,
    "hash": "1b3295bc",
    "hues": 1,
    "shapes": 1,
    "tokens": 75,
  },
  "R05/data": {
    "gradients": 2,
    "hash": "4215b67c",
    "hues": 1,
    "shapes": 1,
    "tokens": 75,
  },
  "R05/flow": {
    "gradients": 2,
    "hash": "f6f284fa",
    "hues": 1,
    "shapes": 1,
    "tokens": 77,
  },
  "R05/hero": {
    "gradients": 2,
    "hash": "195d4cfe",
    "hues": 1,
    "shapes": 1,
    "tokens": 86,
  },
  "R06/content": {
    "gradients": 2,
    "hash": "d7a1714b",
    "hues": 1,
    "shapes": 1,
    "tokens": 68,
  },
  "R06/data": {
    "gradients": 2,
    "hash": "3e9ff082",
    "hues": 1,
    "shapes": 1,
    "tokens": 69,
  },
  "R06/flow": {
    "gradients": 2,
    "hash": "43f5ffe7",
    "hues": 1,
    "shapes": 1,
    "tokens": 69,
  },
  "R06/hero": {
    "gradients": 2,
    "hash": "4d171836",
    "hues": 1,
    "shapes": 1,
    "tokens": 75,
  },
  "R07/content": {
    "gradients": 2,
    "hash": "396ab628",
    "hues": 1,
    "shapes": 1,
    "tokens": 84,
  },
  "R07/data": {
    "gradients": 2,
    "hash": "7998aa57",
    "hues": 1,
    "shapes": 1,
    "tokens": 76,
  },
  "R07/flow": {
    "gradients": 2,
    "hash": "f1901250",
    "hues": 1,
    "shapes": 1,
    "tokens": 77,
  },
  "R07/hero": {
    "gradients": 2,
    "hash": "8f693931",
    "hues": 1,
    "shapes": 1,
    "tokens": 91,
  },
  "R08/content": {
    "gradients": 2,
    "hash": "3bdcbd93",
    "hues": 1,
    "shapes": 1,
    "tokens": 84,
  },
  "R08/data": {
    "gradients": 2,
    "hash": "a80fbff8",
    "hues": 1,
    "shapes": 1,
    "tokens": 85,
  },
  "R08/flow": {
    "gradients": 2,
    "hash": "8f518b32",
    "hues": 1,
    "shapes": 1,
    "tokens": 85,
  },
  "R08/hero": {
    "gradients": 2,
    "hash": "8e465e13",
    "hues": 1,
    "shapes": 1,
    "tokens": 94,
  },
  "R09/content": {
    "gradients": 2,
    "hash": "fe0e9cda",
    "hues": 1,
    "shapes": 1,
    "tokens": 96,
  },
  "R09/data": {
    "gradients": 2,
    "hash": "1f4a5e78",
    "hues": 1,
    "shapes": 1,
    "tokens": 99,
  },
  "R09/flow": {
    "gradients": 2,
    "hash": "f26dca03",
    "hues": 1,
    "shapes": 1,
    "tokens": 98,
  },
  "R09/hero": {
    "gradients": 2,
    "hash": "c868ccba",
    "hues": 1,
    "shapes": 1,
    "tokens": 103,
  },
  "R10/content": {
    "gradients": 2,
    "hash": "831908d8",
    "hues": 1,
    "shapes": 1,
    "tokens": 66,
  },
  "R10/data": {
    "gradients": 2,
    "hash": "e1abf843",
    "hues": 1,
    "shapes": 1,
    "tokens": 66,
  },
  "R10/flow": {
    "gradients": 2,
    "hash": "f3377f91",
    "hues": 1,
    "shapes": 1,
    "tokens": 67,
  },
  "R10/hero": {
    "gradients": 2,
    "hash": "906e22b7",
    "hues": 1,
    "shapes": 1,
    "tokens": 77,
  },
  "R11/content": {
    "gradients": 2,
    "hash": "12cabfaa",
    "hues": 1,
    "shapes": 0,
    "tokens": 79,
  },
  "R11/data": {
    "gradients": 2,
    "hash": "cf3876db",
    "hues": 1,
    "shapes": 0,
    "tokens": 79,
  },
  "R11/flow": {
    "gradients": 2,
    "hash": "2c69e01d",
    "hues": 1,
    "shapes": 0,
    "tokens": 80,
  },
  "R11/hero": {
    "gradients": 2,
    "hash": "2657f8f6",
    "hues": 1,
    "shapes": 0,
    "tokens": 87,
  },
  "R12/content": {
    "gradients": 2,
    "hash": "787fccd3",
    "hues": 1,
    "shapes": 1,
    "tokens": 72,
  },
  "R12/data": {
    "gradients": 2,
    "hash": "55074b6c",
    "hues": 1,
    "shapes": 1,
    "tokens": 76,
  },
  "R12/flow": {
    "gradients": 2,
    "hash": "8fd5e433",
    "hues": 1,
    "shapes": 1,
    "tokens": 78,
  },
  "R12/hero": {
    "gradients": 2,
    "hash": "4073c14b",
    "hues": 1,
    "shapes": 1,
    "tokens": 91,
  },
  "R13/content": {
    "gradients": 2,
    "hash": "07f5423f",
    "hues": 1,
    "shapes": 1,
    "tokens": 77,
  },
  "R13/data": {
    "gradients": 2,
    "hash": "df62c9c7",
    "hues": 1,
    "shapes": 1,
    "tokens": 77,
  },
  "R13/flow": {
    "gradients": 2,
    "hash": "96cab4ca",
    "hues": 1,
    "shapes": 1,
    "tokens": 78,
  },
  "R13/hero": {
    "gradients": 2,
    "hash": "6e104ce2",
    "hues": 1,
    "shapes": 1,
    "tokens": 89,
  },
  "R14/content": {
    "gradients": 2,
    "hash": "3a17ad27",
    "hues": 1,
    "shapes": 1,
    "tokens": 88,
  },
  "R14/data": {
    "gradients": 2,
    "hash": "d17c7899",
    "hues": 1,
    "shapes": 1,
    "tokens": 88,
  },
  "R14/flow": {
    "gradients": 2,
    "hash": "b2ccc502",
    "hues": 1,
    "shapes": 1,
    "tokens": 86,
  },
  "R14/hero": {
    "gradients": 2,
    "hash": "c5a8862f",
    "hues": 1,
    "shapes": 1,
    "tokens": 101,
  },
  "R15/content": {
    "gradients": 2,
    "hash": "0c8d7de8",
    "hues": 1,
    "shapes": 1,
    "tokens": 73,
  },
  "R15/data": {
    "gradients": 2,
    "hash": "19f4ba37",
    "hues": 1,
    "shapes": 1,
    "tokens": 73,
  },
  "R15/flow": {
    "gradients": 2,
    "hash": "2de212fc",
    "hues": 1,
    "shapes": 1,
    "tokens": 73,
  },
  "R15/hero": {
    "gradients": 2,
    "hash": "7d6276cf",
    "hues": 1,
    "shapes": 1,
    "tokens": 81,
  },
  "R16/content": {
    "gradients": 2,
    "hash": "5ddf33c4",
    "hues": 1,
    "shapes": 1,
    "tokens": 79,
  },
  "R16/data": {
    "gradients": 2,
    "hash": "ec32fae9",
    "hues": 1,
    "shapes": 1,
    "tokens": 85,
  },
  "R16/flow": {
    "gradients": 2,
    "hash": "ddd636d9",
    "hues": 1,
    "shapes": 1,
    "tokens": 85,
  },
  "R16/hero": {
    "gradients": 2,
    "hash": "f21c9658",
    "hues": 1,
    "shapes": 1,
    "tokens": 94,
  },
  "R17/content": {
    "gradients": 2,
    "hash": "524ff8d2",
    "hues": 1,
    "shapes": 1,
    "tokens": 90,
  },
  "R17/data": {
    "gradients": 2,
    "hash": "09946d06",
    "hues": 1,
    "shapes": 1,
    "tokens": 88,
  },
  "R17/flow": {
    "gradients": 2,
    "hash": "5d6e714b",
    "hues": 1,
    "shapes": 1,
    "tokens": 91,
  },
  "R17/hero": {
    "gradients": 2,
    "hash": "39791337",
    "hues": 1,
    "shapes": 1,
    "tokens": 107,
  },
  "R18/content": {
    "gradients": 2,
    "hash": "caf30a52",
    "hues": 1,
    "shapes": 1,
    "tokens": 78,
  },
  "R18/data": {
    "gradients": 2,
    "hash": "bf5dc13d",
    "hues": 1,
    "shapes": 1,
    "tokens": 78,
  },
  "R18/flow": {
    "gradients": 2,
    "hash": "f9df88b4",
    "hues": 1,
    "shapes": 1,
    "tokens": 77,
  },
  "R18/hero": {
    "gradients": 2,
    "hash": "ff31efbb",
    "hues": 1,
    "shapes": 1,
    "tokens": 84,
  },
  "R19/content": {
    "gradients": 2,
    "hash": "15e0da78",
    "hues": 1,
    "shapes": 1,
    "tokens": 104,
  },
  "R19/data": {
    "gradients": 2,
    "hash": "aec17c65",
    "hues": 1,
    "shapes": 1,
    "tokens": 102,
  },
  "R19/flow": {
    "gradients": 2,
    "hash": "b3f66f1e",
    "hues": 1,
    "shapes": 1,
    "tokens": 104,
  },
  "R19/hero": {
    "gradients": 2,
    "hash": "56e4cf2d",
    "hues": 1,
    "shapes": 1,
    "tokens": 116,
  },
  "R20/content": {
    "gradients": 2,
    "hash": "b47c95fb",
    "hues": 1,
    "shapes": 0,
    "tokens": 69,
  },
  "R20/data": {
    "gradients": 2,
    "hash": "b1f18a36",
    "hues": 1,
    "shapes": 0,
    "tokens": 69,
  },
  "R20/flow": {
    "gradients": 2,
    "hash": "870cf1ab",
    "hues": 1,
    "shapes": 0,
    "tokens": 71,
  },
  "R20/hero": {
    "gradients": 2,
    "hash": "18fdef11",
    "hues": 1,
    "shapes": 0,
    "tokens": 76,
  },
  "R21/content": {
    "gradients": 2,
    "hash": "56718544",
    "hues": 1,
    "shapes": 0,
    "tokens": 75,
  },
  "R21/data": {
    "gradients": 2,
    "hash": "1d61d97f",
    "hues": 1,
    "shapes": 0,
    "tokens": 73,
  },
  "R21/flow": {
    "gradients": 2,
    "hash": "704bc0c9",
    "hues": 1,
    "shapes": 0,
    "tokens": 74,
  },
  "R21/hero": {
    "gradients": 2,
    "hash": "40099852",
    "hues": 1,
    "shapes": 0,
    "tokens": 83,
  },
  "R22/content": {
    "gradients": 2,
    "hash": "59e4a1c1",
    "hues": 1,
    "shapes": 1,
    "tokens": 65,
  },
  "R22/data": {
    "gradients": 2,
    "hash": "39c49501",
    "hues": 1,
    "shapes": 1,
    "tokens": 66,
  },
  "R22/flow": {
    "gradients": 2,
    "hash": "ca2553e8",
    "hues": 1,
    "shapes": 1,
    "tokens": 64,
  },
  "R22/hero": {
    "gradients": 2,
    "hash": "72056291",
    "hues": 1,
    "shapes": 1,
    "tokens": 77,
  },
  "R23/content": {
    "gradients": 2,
    "hash": "3a74b130",
    "hues": 1,
    "shapes": 1,
    "tokens": 93,
  },
  "R23/data": {
    "gradients": 2,
    "hash": "6def85f0",
    "hues": 1,
    "shapes": 1,
    "tokens": 91,
  },
  "R23/flow": {
    "gradients": 2,
    "hash": "23ed665f",
    "hues": 1,
    "shapes": 1,
    "tokens": 92,
  },
  "R23/hero": {
    "gradients": 2,
    "hash": "7ae3d3fe",
    "hues": 1,
    "shapes": 1,
    "tokens": 110,
  },
  "R24/content": {
    "gradients": 2,
    "hash": "d58f7c8e",
    "hues": 1,
    "shapes": 1,
    "tokens": 80,
  },
  "R24/data": {
    "gradients": 2,
    "hash": "cccdcb26",
    "hues": 1,
    "shapes": 1,
    "tokens": 80,
  },
  "R24/flow": {
    "gradients": 2,
    "hash": "2b9f4077",
    "hues": 1,
    "shapes": 1,
    "tokens": 81,
  },
  "R24/hero": {
    "gradients": 2,
    "hash": "80329bef",
    "hues": 1,
    "shapes": 1,
    "tokens": 84,
  },
  "R25/content": {
    "gradients": 2,
    "hash": "c1d265e2",
    "hues": 1,
    "shapes": 0,
    "tokens": 74,
  },
  "R25/data": {
    "gradients": 2,
    "hash": "00bb30aa",
    "hues": 1,
    "shapes": 0,
    "tokens": 75,
  },
  "R25/flow": {
    "gradients": 2,
    "hash": "9c8b2db0",
    "hues": 1,
    "shapes": 0,
    "tokens": 77,
  },
  "R25/hero": {
    "gradients": 2,
    "hash": "b9537a53",
    "hues": 1,
    "shapes": 0,
    "tokens": 84,
  },
  "R26/content": {
    "gradients": 2,
    "hash": "4d284b5c",
    "hues": 1,
    "shapes": 1,
    "tokens": 93,
  },
  "R26/data": {
    "gradients": 2,
    "hash": "84aef97c",
    "hues": 1,
    "shapes": 1,
    "tokens": 92,
  },
  "R26/flow": {
    "gradients": 2,
    "hash": "08794ed3",
    "hues": 1,
    "shapes": 1,
    "tokens": 94,
  },
  "R26/hero": {
    "gradients": 2,
    "hash": "70198793",
    "hues": 1,
    "shapes": 1,
    "tokens": 101,
  },
  "R27/content": {
    "gradients": 2,
    "hash": "065e8a5d",
    "hues": 1,
    "shapes": 1,
    "tokens": 69,
  },
  "R27/data": {
    "gradients": 2,
    "hash": "94fe857e",
    "hues": 1,
    "shapes": 1,
    "tokens": 69,
  },
  "R27/flow": {
    "gradients": 2,
    "hash": "3711c60a",
    "hues": 1,
    "shapes": 1,
    "tokens": 70,
  },
  "R27/hero": {
    "gradients": 2,
    "hash": "3b5139e8",
    "hues": 1,
    "shapes": 1,
    "tokens": 76,
  },
  "R28/content": {
    "gradients": 2,
    "hash": "fbf371ba",
    "hues": 1,
    "shapes": 1,
    "tokens": 81,
  },
  "R28/data": {
    "gradients": 2,
    "hash": "65cdccf1",
    "hues": 1,
    "shapes": 1,
    "tokens": 79,
  },
  "R28/flow": {
    "gradients": 2,
    "hash": "c20a92b1",
    "hues": 1,
    "shapes": 1,
    "tokens": 80,
  },
  "R28/hero": {
    "gradients": 2,
    "hash": "eba7b2be",
    "hues": 1,
    "shapes": 1,
    "tokens": 92,
  },
  "R29/content": {
    "gradients": 2,
    "hash": "2ed7b7ff",
    "hues": 1,
    "shapes": 1,
    "tokens": 88,
  },
  "R29/data": {
    "gradients": 2,
    "hash": "657a7596",
    "hues": 1,
    "shapes": 1,
    "tokens": 90,
  },
  "R29/flow": {
    "gradients": 2,
    "hash": "a1f572ce",
    "hues": 1,
    "shapes": 1,
    "tokens": 89,
  },
  "R29/hero": {
    "gradients": 2,
    "hash": "9e14e37a",
    "hues": 1,
    "shapes": 1,
    "tokens": 99,
  },
  "R30/content": {
    "gradients": 2,
    "hash": "0e413d66",
    "hues": 1,
    "shapes": 0,
    "tokens": 72,
  },
  "R30/data": {
    "gradients": 2,
    "hash": "7bdc5cbd",
    "hues": 1,
    "shapes": 0,
    "tokens": 67,
  },
  "R30/flow": {
    "gradients": 2,
    "hash": "06facee7",
    "hues": 1,
    "shapes": 0,
    "tokens": 71,
  },
  "R30/hero": {
    "gradients": 2,
    "hash": "03ecdb35",
    "hues": 1,
    "shapes": 0,
    "tokens": 77,
  },
}
`;
