// Vitest Snapshot v1, https://vitest.dev/guide/snapshot.html

exports[`R01–R30 thumbnail visual regression > locks a fingerprint snapshot for every recipe × family thumbnail 1`] = `
{
  "R01/content": {
    "gradients": 2,
    "hash": "58f00470",
    "hues": 2,
    "shapes": 1,
    "tokens": 92,
  },
  "R01/data": {
    "gradients": 2,
    "hash": "df0b21cb",
    "hues": 2,
    "shapes": 1,
    "tokens": 93,
  },
  "R01/flow": {
    "gradients": 2,
    "hash": "64cd835e",
    "hues": 2,
    "shapes": 1,
    "tokens": 95,
  },
  "R01/hero": {
    "gradients": 2,
    "hash": "85cbf380",
    "hues": 2,
    "shapes": 1,
    "tokens": 101,
  },
  "R02/content": {
    "gradients": 2,
    "hash": "4d8904a9",
    "hues": 1,
    "shapes": 1,
    "tokens": 86,
  },
  "R02/data": {
    "gradients": 2,
    "hash": "ec112be5",
    "hues": 1,
    "shapes": 1,
    "tokens": 89,
  },
  "R02/flow": {
    "gradients": 2,
    "hash": "a7eac816",
    "hues": 1,
    "shapes": 1,
    "tokens": 88,
  },
  "R02/hero": {
    "gradients": 2,
    "hash": "7529a983",
    "hues": 1,
    "shapes": 1,
    "tokens": 98,
  },
  "R03/content": {
    "gradients": 2,
    "hash": "b49334f3",
    "hues": 2,
    "shapes": 1,
    "tokens": 102,
  },
  "R03/data": {
    "gradients": 2,
    "hash": "4e4ee917",
    "hues": 2,
    "shapes": 1,
    "tokens": 105,
  },
  "R03/flow": {
    "gradients": 2,
    "hash": "0f5c77ba",
    "hues": 2,
    "shapes": 1,
    "tokens": 109,
  },
  "R03/hero": {
    "gradients": 2,
    "hash": "8490b044",
    "hues": 2,
    "shapes": 1,
    "tokens": 110,
  },
  "R04/content": {
    "gradients": 2,
    "hash": "bcbad93d",
    "hues": 2,
    "shapes": 1,
    "tokens": 77,
  },
  "R04/data": {
    "gradients": 2,
    "hash": "aaa49648",
    "hues": 2,
    "shapes": 1,
    "tokens": 78,
  },
  "R04/flow": {
    "gradients": 2,
    "hash": "6f3d3049",
    "hues": 2,
    "shapes": 1,
    "tokens": 81,
  },
  "R04/hero": {
    "gradients": 2,
    "hash": "00f045fb",
    "hues": 2,
    "shapes": 1,
    "tokens": 90,
  },
  "R05/content": {
    "gradients": 2,
    "hash": "235c1795",
    "hues": 2,
    "shapes": 1,
    "tokens": 83,
  },
  "R05/data": {
    "gradients": 2,
    "hash": "862ea524",
    "hues": 2,
    "shapes": 1,
    "tokens": 85,
  },
  "R05/flow": {
    "gradients": 2,
    "hash": "57b04aaa",
    "hues": 2,
    "shapes": 1,
    "tokens": 88,
  },
  "R05/hero": {
    "gradients": 2,
    "hash": "b594a7ff",
    "hues": 2,
    "shapes": 1,
    "tokens": 93,
  },
  "R06/content": {
    "gradients": 2,
    "hash": "31fb8b9e",
    "hues": 2,
    "shapes": 1,
    "tokens": 102,
  },
  "R06/data": {
    "gradients": 2,
    "hash": "ef5001bd",
    "hues": 2,
    "shapes": 1,
    "tokens": 106,
  },
  "R06/flow": {
    "gradients": 2,
    "hash": "81171c34",
    "hues": 2,
    "shapes": 1,
    "tokens": 108,
  },
  "R06/hero": {
    "gradients": 2,
    "hash": "ae872b88",
    "hues": 2,
    "shapes": 1,
    "tokens": 110,
  },
  "R07/content": {
    "gradients": 2,
    "hash": "6f8c3bac",
    "hues": 2,
    "shapes": 1,
    "tokens": 103,
  },
  "R07/data": {
    "gradients": 2,
    "hash": "5355b8f8",
    "hues": 2,
    "shapes": 1,
    "tokens": 104,
  },
  "R07/flow": {
    "gradients": 2,
    "hash": "3fbb3da0",
    "hues": 2,
    "shapes": 1,
    "tokens": 106,
  },
  "R07/hero": {
    "gradients": 2,
    "hash": "03399ba1",
    "hues": 2,
    "shapes": 1,
    "tokens": 111,
  },
  "R08/content": {
    "gradients": 2,
    "hash": "2d8c439e",
    "hues": 2,
    "shapes": 1,
    "tokens": 105,
  },
  "R08/data": {
    "gradients": 2,
    "hash": "69c79181",
    "hues": 2,
    "shapes": 1,
    "tokens": 106,
  },
  "R08/flow": {
    "gradients": 2,
    "hash": "5d18e9af",
    "hues": 2,
    "shapes": 1,
    "tokens": 107,
  },
  "R08/hero": {
    "gradients": 2,
    "hash": "5e9dcfb3",
    "hues": 2,
    "shapes": 1,
    "tokens": 114,
  },
  "R09/content": {
    "gradients": 2,
    "hash": "38c45e8b",
    "hues": 2,
    "shapes": 1,
    "tokens": 96,
  },
  "R09/data": {
    "gradients": 2,
    "hash": "ce02a3cd",
    "hues": 2,
    "shapes": 1,
    "tokens": 97,
  },
  "R09/flow": {
    "gradients": 2,
    "hash": "1d1545d4",
    "hues": 2,
    "shapes": 1,
    "tokens": 98,
  },
  "R09/hero": {
    "gradients": 2,
    "hash": "49118c06",
    "hues": 2,
    "shapes": 1,
    "tokens": 103,
  },
  "R10/content": {
    "gradients": 2,
    "hash": "15b1bc5d",
    "hues": 2,
    "shapes": 1,
    "tokens": 82,
  },
  "R10/data": {
    "gradients": 2,
    "hash": "94882eb9",
    "hues": 2,
    "shapes": 1,
    "tokens": 86,
  },
  "R10/flow": {
    "gradients": 2,
    "hash": "77facb08",
    "hues": 2,
    "shapes": 1,
    "tokens": 90,
  },
  "R10/hero": {
    "gradients": 2,
    "hash": "f306d8ff",
    "hues": 2,
    "shapes": 1,
    "tokens": 94,
  },
  "R11/content": {
    "gradients": 2,
    "hash": "eea542f8",
    "hues": 2,
    "shapes": 1,
    "tokens": 94,
  },
  "R11/data": {
    "gradients": 2,
    "hash": "619c73b0",
    "hues": 2,
    "shapes": 1,
    "tokens": 96,
  },
  "R11/flow": {
    "gradients": 2,
    "hash": "22e59da1",
    "hues": 2,
    "shapes": 1,
    "tokens": 96,
  },
  "R11/hero": {
    "gradients": 2,
    "hash": "446cf907",
    "hues": 2,
    "shapes": 1,
    "tokens": 102,
  },
  "R12/content": {
    "gradients": 2,
    "hash": "4112b1aa",
    "hues": 2,
    "shapes": 1,
    "tokens": 83,
  },
  "R12/data": {
    "gradients": 2,
    "hash": "1394e7ea",
    "hues": 2,
    "shapes": 1,
    "tokens": 86,
  },
  "R12/flow": {
    "gradients": 2,
    "hash": "b12e033a",
    "hues": 2,
    "shapes": 1,
    "tokens": 86,
  },
  "R12/hero": {
    "gradients": 2,
    "hash": "aa4a5e30",
    "hues": 2,
    "shapes": 1,
    "tokens": 96,
  },
  "R13/content": {
    "gradients": 2,
    "hash": "9df3c158",
    "hues": 2,
    "shapes": 1,
    "tokens": 85,
  },
  "R13/data": {
    "gradients": 2,
    "hash": "d388ff75",
    "hues": 2,
    "shapes": 1,
    "tokens": 88,
  },
  "R13/flow": {
    "gradients": 2,
    "hash": "d9d68553",
    "hues": 2,
    "shapes": 1,
    "tokens": 88,
  },
  "R13/hero": {
    "gradients": 2,
    "hash": "b130b91c",
    "hues": 2,
    "shapes": 1,
    "tokens": 97,
  },
  "R14/content": {
    "gradients": 2,
    "hash": "26169cac",
    "hues": 2,
    "shapes": 1,
    "tokens": 115,
  },
  "R14/data": {
    "gradients": 2,
    "hash": "fee27488",
    "hues": 2,
    "shapes": 1,
    "tokens": 115,
  },
  "R14/flow": {
    "gradients": 2,
    "hash": "32ed5fb6",
    "hues": 2,
    "shapes": 1,
    "tokens": 116,
  },
  "R14/hero": {
    "gradients": 2,
    "hash": "bc052c68",
    "hues": 2,
    "shapes": 1,
    "tokens": 122,
  },
  "R15/content": {
    "gradients": 2,
    "hash": "6a5da212",
    "hues": 2,
    "shapes": 1,
    "tokens": 105,
  },
  "R15/data": {
    "gradients": 2,
    "hash": "35c369a8",
    "hues": 2,
    "shapes": 1,
    "tokens": 108,
  },
  "R15/flow": {
    "gradients": 2,
    "hash": "34345582",
    "hues": 2,
    "shapes": 1,
    "tokens": 106,
  },
  "R15/hero": {
    "gradients": 2,
    "hash": "ec6ce038",
    "hues": 2,
    "shapes": 1,
    "tokens": 111,
  },
  "R16/content": {
    "gradients": 2,
    "hash": "76576fe3",
    "hues": 2,
    "shapes": 1,
    "tokens": 88,
  },
  "R16/data": {
    "gradients": 2,
    "hash": "3b387369",
    "hues": 2,
    "shapes": 1,
    "tokens": 94,
  },
  "R16/flow": {
    "gradients": 2,
    "hash": "cac72c31",
    "hues": 2,
    "shapes": 1,
    "tokens": 91,
  },
  "R16/hero": {
    "gradients": 2,
    "hash": "057c26c0",
    "hues": 2,
    "shapes": 1,
    "tokens": 99,
  },
  "R17/content": {
    "gradients": 2,
    "hash": "1d39cadb",
    "hues": 2,
    "shapes": 1,
    "tokens": 99,
  },
  "R17/data": {
    "gradients": 2,
    "hash": "28fbb09a",
    "hues": 2,
    "shapes": 1,
    "tokens": 103,
  },
  "R17/flow": {
    "gradients": 2,
    "hash": "617912af",
    "hues": 2,
    "shapes": 1,
    "tokens": 99,
  },
  "R17/hero": {
    "gradients": 2,
    "hash": "d913b712",
    "hues": 2,
    "shapes": 1,
    "tokens": 109,
  },
  "R18/content": {
    "gradients": 2,
    "hash": "63a6a887",
    "hues": 2,
    "shapes": 1,
    "tokens": 98,
  },
  "R18/data": {
    "gradients": 2,
    "hash": "e1c3a527",
    "hues": 2,
    "shapes": 1,
    "tokens": 99,
  },
  "R18/flow": {
    "gradients": 2,
    "hash": "1b354507",
    "hues": 2,
    "shapes": 1,
    "tokens": 105,
  },
  "R18/hero": {
    "gradients": 2,
    "hash": "f2a94d9e",
    "hues": 2,
    "shapes": 1,
    "tokens": 105,
  },
  "R19/content": {
    "gradients": 2,
    "hash": "807f82e6",
    "hues": 2,
    "shapes": 1,
    "tokens": 127,
  },
  "R19/data": {
    "gradients": 2,
    "hash": "84e0fed6",
    "hues": 2,
    "shapes": 1,
    "tokens": 129,
  },
  "R19/flow": {
    "gradients": 2,
    "hash": "459e0439",
    "hues": 2,
    "shapes": 1,
    "tokens": 132,
  },
  "R19/hero": {
    "gradients": 2,
    "hash": "6a295c88",
    "hues": 2,
    "shapes": 1,
    "tokens": 145,
  },
  "R20/content": {
    "gradients": 2,
    "hash": "527fdfdc",
    "hues": 2,
    "shapes": 1,
    "tokens": 83,
  },
  "R20/data": {
    "gradients": 2,
    "hash": "a3a5c1ed",
    "hues": 2,
    "shapes": 1,
    "tokens": 84,
  },
  "R20/flow": {
    "gradients": 2,
    "hash": "9826ac72",
    "hues": 2,
    "shapes": 1,
    "tokens": 93,
  },
  "R20/hero": {
    "gradients": 2,
    "hash": "b7898b2a",
    "hues": 2,
    "shapes": 1,
    "tokens": 88,
  },
  "R21/content": {
    "gradients": 2,
    "hash": "16a104b1",
    "hues": 2,
    "shapes": 1,
    "tokens": 90,
  },
  "R21/data": {
    "gradients": 2,
    "hash": "f555127f",
    "hues": 2,
    "shapes": 1,
    "tokens": 92,
  },
  "R21/flow": {
    "gradients": 2,
    "hash": "ee57f030",
    "hues": 2,
    "shapes": 1,
    "tokens": 95,
  },
  "R21/hero": {
    "gradients": 2,
    "hash": "66e2b462",
    "hues": 2,
    "shapes": 1,
    "tokens": 99,
  },
  "R22/content": {
    "gradients": 2,
    "hash": "03108144",
    "hues": 2,
    "shapes": 1,
    "tokens": 73,
  },
  "R22/data": {
    "gradients": 2,
    "hash": "b8d9b9de",
    "hues": 2,
    "shapes": 1,
    "tokens": 80,
  },
  "R22/flow": {
    "gradients": 2,
    "hash": "baac4814",
    "hues": 2,
    "shapes": 1,
    "tokens": 76,
  },
  "R22/hero": {
    "gradients": 2,
    "hash": "bd73605f",
    "hues": 2,
    "shapes": 1,
    "tokens": 84,
  },
  "R23/content": {
    "gradients": 2,
    "hash": "93cccf85",
    "hues": 2,
    "shapes": 1,
    "tokens": 93,
  },
  "R23/data": {
    "gradients": 2,
    "hash": "c239d66f",
    "hues": 2,
    "shapes": 1,
    "tokens": 92,
  },
  "R23/flow": {
    "gradients": 2,
    "hash": "6eec04f8",
    "hues": 2,
    "shapes": 1,
    "tokens": 95,
  },
  "R23/hero": {
    "gradients": 2,
    "hash": "1e750475",
    "hues": 2,
    "shapes": 1,
    "tokens": 106,
  },
  "R24/content": {
    "gradients": 2,
    "hash": "7efc0178",
    "hues": 2,
    "shapes": 1,
    "tokens": 95,
  },
  "R24/data": {
    "gradients": 2,
    "hash": "ca595253",
    "hues": 2,
    "shapes": 1,
    "tokens": 96,
  },
  "R24/flow": {
    "gradients": 2,
    "hash": "4f097808",
    "hues": 2,
    "shapes": 1,
    "tokens": 99,
  },
  "R24/hero": {
    "gradients": 2,
    "hash": "e240314a",
    "hues": 2,
    "shapes": 1,
    "tokens": 99,
  },
  "R25/content": {
    "gradients": 2,
    "hash": "5027506f",
    "hues": 2,
    "shapes": 1,
    "tokens": 78,
  },
  "R25/data": {
    "gradients": 2,
    "hash": "1ed1b381",
    "hues": 2,
    "shapes": 1,
    "tokens": 82,
  },
  "R25/flow": {
    "gradients": 2,
    "hash": "852b7e5f",
    "hues": 2,
    "shapes": 1,
    "tokens": 84,
  },
  "R25/hero": {
    "gradients": 2,
    "hash": "d9088120",
    "hues": 2,
    "shapes": 1,
    "tokens": 89,
  },
  "R26/content": {
    "gradients": 2,
    "hash": "216d9014",
    "hues": 2,
    "shapes": 1,
    "tokens": 92,
  },
  "R26/data": {
    "gradients": 2,
    "hash": "a4f06e86",
    "hues": 2,
    "shapes": 1,
    "tokens": 94,
  },
  "R26/flow": {
    "gradients": 2,
    "hash": "40ee1ab7",
    "hues": 2,
    "shapes": 1,
    "tokens": 96,
  },
  "R26/hero": {
    "gradients": 2,
    "hash": "0e561eb1",
    "hues": 2,
    "shapes": 1,
    "tokens": 101,
  },
  "R27/content": {
    "gradients": 2,
    "hash": "ececc49d",
    "hues": 2,
    "shapes": 1,
    "tokens": 87,
  },
  "R27/data": {
    "gradients": 2,
    "hash": "93115fea",
    "hues": 2,
    "shapes": 1,
    "tokens": 90,
  },
  "R27/flow": {
    "gradients": 2,
    "hash": "90ed529e",
    "hues": 2,
    "shapes": 1,
    "tokens": 94,
  },
  "R27/hero": {
    "gradients": 2,
    "hash": "549db33c",
    "hues": 2,
    "shapes": 1,
    "tokens": 94,
  },
  "R28/content": {
    "gradients": 2,
    "hash": "b156429f",
    "hues": 2,
    "shapes": 1,
    "tokens": 95,
  },
  "R28/data": {
    "gradients": 2,
    "hash": "7c867b6e",
    "hues": 2,
    "shapes": 1,
    "tokens": 97,
  },
  "R28/flow": {
    "gradients": 2,
    "hash": "8ecc810f",
    "hues": 2,
    "shapes": 1,
    "tokens": 96,
  },
  "R28/hero": {
    "gradients": 2,
    "hash": "b49e697a",
    "hues": 2,
    "shapes": 1,
    "tokens": 107,
  },
  "R29/content": {
    "gradients": 2,
    "hash": "d02a3600",
    "hues": 2,
    "shapes": 1,
    "tokens": 100,
  },
  "R29/data": {
    "gradients": 2,
    "hash": "4c82069b",
    "hues": 2,
    "shapes": 1,
    "tokens": 102,
  },
  "R29/flow": {
    "gradients": 2,
    "hash": "390bc62c",
    "hues": 2,
    "shapes": 1,
    "tokens": 102,
  },
  "R29/hero": {
    "gradients": 2,
    "hash": "291437a6",
    "hues": 2,
    "shapes": 1,
    "tokens": 108,
  },
  "R30/content": {
    "gradients": 2,
    "hash": "bdc010f5",
    "hues": 2,
    "shapes": 1,
    "tokens": 83,
  },
  "R30/data": {
    "gradients": 2,
    "hash": "a8dfa0d7",
    "hues": 2,
    "shapes": 1,
    "tokens": 85,
  },
  "R30/flow": {
    "gradients": 2,
    "hash": "d96df5ec",
    "hues": 2,
    "shapes": 1,
    "tokens": 89,
  },
  "R30/hero": {
    "gradients": 2,
    "hash": "1c579bf8",
    "hues": 2,
    "shapes": 1,
    "tokens": 93,
  },
}
`;
