// Vitest Snapshot v1, https://vitest.dev/guide/snapshot.html

exports[`layer stack accent rail — visual regression > locks the exported rail silhouette across slide aspect ratios 1`] = `
[
  {
    "adj": 50000,
    "aspect": "16:9",
    "count": 1,
    "laneRadiusIn": 0.125,
    "railHIn": 4.106,
    "railRadiusIn": 0.017,
    "railWIn": 0.035,
  },
  {
    "adj": 50000,
    "aspect": "16:9",
    "count": 2,
    "laneRadiusIn": 0.125,
    "railHIn": 1.907,
    "railRadiusIn": 0.017,
    "railWIn": 0.035,
  },
  {
    "adj": 50000,
    "aspect": "16:9",
    "count": 3,
    "laneRadiusIn": 0.125,
    "railHIn": 1.174,
    "railRadiusIn": 0.017,
    "railWIn": 0.035,
  },
  {
    "adj": 50000,
    "aspect": "16:9",
    "count": 4,
    "laneRadiusIn": 0.125,
    "railHIn": 0.808,
    "railRadiusIn": 0.017,
    "railWIn": 0.035,
  },
  {
    "adj": 50000,
    "aspect": "16:9",
    "count": 5,
    "laneRadiusIn": 0.125,
    "railHIn": 0.61,
    "railRadiusIn": 0.017,
    "railWIn": 0.035,
  },
  {
    "adj": 50000,
    "aspect": "4:3",
    "count": 1,
    "laneRadiusIn": 0.125,
    "railHIn": 3.856,
    "railRadiusIn": 0.017,
    "railWIn": 0.035,
  },
  {
    "adj": 50000,
    "aspect": "4:3",
    "count": 2,
    "laneRadiusIn": 0.125,
    "railHIn": 1.782,
    "railRadiusIn": 0.017,
    "railWIn": 0.035,
  },
  {
    "adj": 50000,
    "aspect": "4:3",
    "count": 3,
    "laneRadiusIn": 0.125,
    "railHIn": 1.091,
    "railRadiusIn": 0.017,
    "railWIn": 0.035,
  },
  {
    "adj": 50000,
    "aspect": "4:3",
    "count": 4,
    "laneRadiusIn": 0.125,
    "railHIn": 0.745,
    "railRadiusIn": 0.017,
    "railWIn": 0.035,
  },
  {
    "adj": 50000,
    "aspect": "4:3",
    "count": 5,
    "laneRadiusIn": 0.125,
    "railHIn": 0.56,
    "railRadiusIn": 0.017,
    "railWIn": 0.035,
  },
  {
    "adj": 50000,
    "aspect": "1:1",
    "count": 1,
    "laneRadiusIn": 0.125,
    "railHIn": 4.206,
    "railRadiusIn": 0.017,
    "railWIn": 0.035,
  },
  {
    "adj": 50000,
    "aspect": "1:1",
    "count": 2,
    "laneRadiusIn": 0.125,
    "railHIn": 1.957,
    "railRadiusIn": 0.017,
    "railWIn": 0.035,
  },
  {
    "adj": 50000,
    "aspect": "1:1",
    "count": 3,
    "laneRadiusIn": 0.125,
    "railHIn": 1.207,
    "railRadiusIn": 0.017,
    "railWIn": 0.035,
  },
  {
    "adj": 50000,
    "aspect": "1:1",
    "count": 4,
    "laneRadiusIn": 0.125,
    "railHIn": 0.833,
    "railRadiusIn": 0.017,
    "railWIn": 0.035,
  },
  {
    "adj": 50000,
    "aspect": "1:1",
    "count": 5,
    "laneRadiusIn": 0.125,
    "railHIn": 0.63,
    "railRadiusIn": 0.017,
    "railWIn": 0.035,
  },
]
`;

exports[`layer stack accent rail — visual regression > locks the rendered rail silhouette for every lane count 1`] = `
[
  {
    "count": 1,
    "isPill": true,
    "laneGapPx": 14,
    "laneHeightPx": 150,
    "laneRadiusPx": 18,
    "railHeightPx": 122,
    "railInsetPx": 14,
    "railRadiusPx": 2.5,
    "railWidthPx": 5,
  },
  {
    "count": 2,
    "isPill": true,
    "laneGapPx": 14,
    "laneHeightPx": 150,
    "laneRadiusPx": 18,
    "railHeightPx": 122,
    "railInsetPx": 14,
    "railRadiusPx": 2.5,
    "railWidthPx": 5,
  },
  {
    "count": 3,
    "isPill": true,
    "laneGapPx": 14,
    "laneHeightPx": 134,
    "laneRadiusPx": 18,
    "railHeightPx": 106,
    "railInsetPx": 14,
    "railRadiusPx": 2.5,
    "railWidthPx": 5,
  },
  {
    "count": 4,
    "isPill": true,
    "laneGapPx": 14,
    "laneHeightPx": 118,
    "laneRadiusPx": 18,
    "railHeightPx": 90,
    "railInsetPx": 14,
    "railRadiusPx": 2.5,
    "railWidthPx": 5,
  },
  {
    "count": 5,
    "isPill": true,
    "laneGapPx": 10,
    "laneHeightPx": 104,
    "laneRadiusPx": 18,
    "railHeightPx": 76,
    "railInsetPx": 14,
    "railRadiusPx": 2.5,
    "railWidthPx": 5,
  },
]
`;
